s1_a: 15.7s  (50 words)
s1_b: 21.1s  (75 words)
s2_a: 23.2s  (62 words)
s2_b: 12.0s  (40 words)
s2_c: 20.2s  (59 words)
s2_d: 18.2s  (62 words)
s2_e: 18.2s  (58 words)
s3_a: 27.3s  (71 words)
s3_b: 20.1s  (70 words)
s3_c: 16.9s  (54 words)
s4_a: 15.9s  (50 words)
s4_b: 27.0s  (76 words)
s4_c: 20.5s  (66 words)
s4_d: 16.4s  (50 words)
s4_e: 23.5s  (68 words)
s5_a: 26.9s  (76 words)
s5_b: 14.0s  (41 words)
s5_c: 19.6s  (54 words)
s5_d: 16.7s  (55 words)
s5_e: 18.6s  (55 words)
s5_f: 24.3s  (75 words)
s5_g: 13.5s  (39 words)
s6_a: 17.0s  (51 words)
s6_b: 18.9s  (64 words)
s6_c: 23.9s  (69 words)
s6_d: 28.0s  (75 words)
s6_e: 25.1s  (81 words)
s7_a: 18.9s  (57 words)
s7_b: 25.0s  (66 words)
s7_c: 22.1s  (65 words)
s7_d: 19.9s  (54 words)
w_a: 20.7s  (56 words)
w_b: 21.3s  (57 words)
w_c: 22.2s  (70 words)
w_d: 21.5s  (61 words)
w_e: 19.1s  (51 words)
g_a: 9.6s  (30 words)
g_b: 15.2s  (53 words)
g_c: 20.1s  (64 words)
g_d: 13.6s  (44 words)
g_e: 14.6s  (37 words)
g_f: 14.9s  (42 words)
g_g: 12.7s  (38 words)
s8_a: 16.9s  (52 words)
s8_b: 31.2s  (88 words)
s8_c: 22.9s  (72 words)
s8_d: 15.3s  (44 words)
s8_e: 14.8s  (42 words)
s8_f: 17.2s  (46 words)
s8_g: 18.1s  (47 words)
s9_a: 4.7s  (12 words)
r_trace: 26.6s  (73 words)
s9_b: 35.8s  (94 words)
s9_c: 17.8s  (51 words)
TOTAL narration 17.59 min
